# serializer version: 1
# name: test_builder_generate_sidebar
  '''
  website:
    sidebar:
    - contents:
      - reference/index.qmd
      - contents:
        - reference/a_func.qmd
        section: first section
      - contents:
        - contents:
          - reference/a_attr.qmd
          section: a subsection
        section: second section
      id: reference
    - id: dummy-sidebar
  
  '''
# ---
